// Vitest Snapshot v1, https://vitest.dev/guide/snapshot.html

exports[`readMessageHistory > 返却ペイロードのスナップショット 1`] = `
{
  "channelId": "channel-1",
  "messages": [
    {
      "attachments": [
        {
          "id": "att-1",
          "name": "memo.txt",
          "url": "https://example.com/memo.txt",
        },
      ],
      "authorId": "user-1",
      "authorIsBot": false,
      "authorName": "Alice",
      "content": "古いメッセージ",
      "createdAt": "2026-01-01 09:00:00 JST",
      "id": "m1",
    },
    {
      "attachments": [],
      "authorId": "bot-1",
      "authorIsBot": true,
      "authorName": "ルナ",
      "content": "新しいメッセージ",
      "createdAt": "2026-01-01 09:01:00 JST",
      "id": "m2",
      "reactions": [
        {
          "count": 2,
          "emoji": "👍",
          "selfReacted": true,
        },
      ],
    },
  ],
}
`;
